July 31 00:06:21 mycomputername kernel[96041]: WARN Failed to start network connection
July 31 00:16:13 mycomputername NetworkManager[63902]: WARN Failed to start application install
July 31 01:19:34 mycomputername CRON[94028]: WARN Failed to start network connection
July 31 02:01:20 mycomputername NetworkManager[55118]: ERROR Unable to perform package upgrade
July 31 02:36:44 mycomputername NetworkManager[90289]: WARN Failed to start CPU thread[39016]
July 31 03:34:41 mycomputername NetworkManager[14120]: ERROR 404 error not found
July 31 03:47:07 mycomputername NetworkManager[63805]: WARN Please reboot user
July 31 04:31:00 mycomputername NetworkManager[23060]: ERROR Out of yellow ink, specifically, even though you want grayscale
July 31 05:00:28 mycomputername NetworkManager[76363]: ERROR The cake is a lie!
July 31 05:27:34 mycomputername NetworkManager[67593]: INFO Writing Logs
July 31 05:34:23 mycomputername NetworkManager[96505]: INFO Plenty of disk space left
July 31 06:48:38 mycomputername NetworkManager[95699]: WARN Failed to start network connection
July 31 09:01:06 mycomputername NetworkManager[89092]: INFO I'm sorry Dave. I'm afraid I can't do that
July 31 10:21:57 mycomputername NetworkManager[62856]: WARN Failed to start network connection
July 31 10:41:32 mycomputername NetworkManager[70251]: ERROR Sorting a list
July 31 10:56:12 mycomputername jam_tag=psim[97572]: WARN Failed to start network connection
July 31 11:43:32 mycomputername CRON[72993]: WARN Failed to start network connection
July 31 12:00:29 mycomputername NetworkManager[96959]: ERROR Operation completed successfully
July 31 16:45:49 mycomputername process[29993]: WARN Failed to start network connection
July 31 00:06:21 mycomputername kernel[96041]: WARN Failed to start network connection
July 31 00:16:13 mycomputername NetworkManager[63902]: WARN Failed to start application install
July 31 01:19:34 mycomputername CRON[94028]: WARN Failed to start network connection
July 31 02:01:20 mycomputername NetworkManager[55118]: ERROR Unable to perform package upgrade
July 31 02:36:44 mycomputername NetworkManager[90289]: WARN Failed to start CPU thread[39016]
July 31 03:34:41 mycomputername NetworkManager[14120]: ERROR 404 error not found
July 31 03:47:07 mycomputername NetworkManager[63805]: WARN Please reboot user
July 31 04:31:00 mycomputername NetworkManager[23060]: ERROR Out of yellow ink, specifically, even though you want grayscale
July 31 05:00:28 mycomputername NetworkManager[76363]: ERROR The cake is a lie!
July 31 05:27:34 mycomputername NetworkManager[67593]: INFO Writing Logs
July 31 05:34:23 mycomputername NetworkManager[96505]: INFO Plenty of disk space left
July 31 06:48:38 mycomputername NetworkManager[95699]: WARN Failed to start network connection
July 31 09:01:06 mycomputername NetworkManager[89092]: INFO I'm sorry Dave. I'm afraid I can't do that
July 31 10:21:57 mycomputername NetworkManager[62856]: WARN Failed to start network connection
July 31 10:41:32 mycomputername NetworkManager[70251]: ERROR Sorting a list
July 31 10:56:12 mycomputername jam_tag=psim[97572]: WARN Failed to start network connection
July 31 11:43:32 mycomputername CRON[72993]: WARN Failed to start network connection
July 31 12:00:29 mycomputername NetworkManager[96959]: ERROR Operation completed successfully
July 31 16:45:49 mycomputername process[29993]: WARN Failed to start network connection
July 31 18:56:23 mycomputername kernel[87834]: WARN Failed to start network connection
July 31 19:51:07 mycomputername NetworkManager[38455]: INFO Access permitted
July 31 22:42:51 mycomputername NetworkManager[28895]: INFO I'm sorry Dave. I'm afraid I can't do that
